// Jest Snapshot v1, https://goo.gl/fbAQLP

exports[`Snapshot tests Making sure it doesnt crash 1`] = `
<div
  className="min-w-full min-h-screen flex items-center justify-center bg-gray-200"
>
  <div
    className="w-full h-full sm:h-auto sm:w-2/5 max-w-sm p-5 bg-white shadow flex flex-col text-base"
  >
    <span
      className="font-sans text-4xl text-center pb-2 mb-1 border-b mx-4 align-center"
    >
      Login
    </span>
    <label
      className="mt-3 mb-2 font-medium text-lg"
      htmlFor="email"
    >
      <span
        className="font-mono mr-1 text-red-400"
      >
        *
      </span>
      Email:
    </label>
    <input
      className="bg-gray-100 border py-1 px-3"
      name="email"
      required={true}
      type="email"
    />
    <label
      className="mt-3 mb-2 font-medium text-lg"
      htmlFor="password"
    >
      <span
        className="font-mono mr-1 text-red-400"
      >
        *
      </span>
      Password:
    </label>
    <input
      className="bg-gray-100 border py-1 px-3"
      name="password"
      required={true}
      type="password"
    />
    <span
      className="text-blue-600 mt-2 cursor-pointer self-end text-sm font-medium"
      onClick={[Function]}
    >
      Forgot Password?
    </span>
    <div
      className="mt-2 flex"
    >
      <span
        className="block mx-1.5 w-full rounded-md shadow-sm"
      >
        <button
          className="border w-full border-blue-600 text-blue-600 flex justify-center py-2 px-4 text-sm font-medium rounded-md hover:bg-blue-200 focus:outline-none focus:border-blue-700 focus:shadow-outline-blue active:bg-blue-700 transition duration-150 ease-in-out"
          onClick={[Function]}
          type="submit"
        >
          Sign Up
        </button>
      </span>
      <span
        className="block w-full mx-1.5 rounded-md shadow-sm"
      >
        <button
          className="flex w-full justify-center py-2 px-4 border border-transparent text-sm font-medium rounded-md text-white bg-blue-600 hover:bg-blue-500 focus:outline-none focus:border-blue-700 focus:shadow-outline-blue active:bg-blue-700 transition duration-150 ease-in-out"
          onClick={[Function]}
          type="button"
        >
          Sign In
        </button>
      </span>
    </div>
    <div
      className="mt-3"
    >
      <div
        className="relative"
      >
        <div
          className="absolute inset-0 flex items-center"
        >
          <div
            className="w-full mx-1.5 border-t border-gray-300"
          />
        </div>
        <div
          className="relative flex justify-center text-sm leading-5"
        >
          <span
            className="px-2 bg-white text-gray-500"
          >
            Or continue with
          </span>
        </div>
      </div>
      <div>
        <div
          className="mt-3"
        >
          <span
            className="block rounded-md shadow-sm"
          >
            <button
              className="w-3/4 mx-auto flex justify-center py-2 px-4 border border-transparent text-sm font-medium rounded-md text-white bg-blue-600 hover:bg-blue-500 focus:outline-none focus:border-blue-700 focus:shadow-outline-blue active:bg-blue-700 transition duration-150 ease-in-out"
              onClick={[Function]}
              type="button"
            >
              GitHub
            </button>
          </span>
        </div>
        <div
          className="mt-3"
        >
          <span
            className="block rounded-md shadow-sm"
          >
            <button
              className="w-3/4 mx-auto flex justify-center py-2 px-4 border border-transparent text-sm font-medium rounded-md text-white bg-blue-600 hover:bg-blue-500 focus:outline-none focus:border-blue-700 focus:shadow-outline-blue active:bg-blue-700 transition duration-150 ease-in-out"
              onClick={[Function]}
              type="button"
            >
              Google
            </button>
          </span>
        </div>
      </div>
    </div>
  </div>
</div>
`;
